// Jest Snapshot v1, https://goo.gl/fbAQLP

exports[`App component App renders without crashing 1`] = `
<div
  className="App"
>
  <header
    className="Header"
  >
    <Header />
  </header>
  <main
    className="App_main"
  >
    <Switch>
      <Route
        component={[Function]}
        exact={true}
        path="/"
      />
      <PublicOnlyRoute
        component={[Function]}
        path="/login"
      />
      <PublicOnlyRoute
        component={[Function]}
        path="/loginfirst"
      />
      <PublicOnlyRoute
        component={[Function]}
        path="/register"
      />
      <PrivateOnlyRoute
        component={[Function]}
        path="/brewery/:breweryId"
      />
      <Route
        component={[Function]}
      />
    </Switch>
  </main>
</div>
`;
