// Jest Snapshot v1, https://goo.gl/fbAQLP

exports[`BreweryPage smoke test renders without crashing 1`] = `
<BreweryPage
  match={
    Object {
      "params": Object {},
    }
  }
>
  <div>
    <div
      className="breweryPage"
    >
      <h1 />
      <div
        className="contact-container"
      />
      <h2>
        Reviews
      </h2>
      <breweryReviews
        deleteReview={[Function]}
        reviews={Array []}
      >
        <p>
          No one has posted a review
        </p>
      </breweryReviews>
      <ReviewForm>
        <div>
          <h3>
            Post a Review
          </h3>
          <form
            className="ReviewForm"
            onSubmit={[Function]}
          >
            <label>
              Rating
            </label>
            <select
              className="rating"
              id="rating"
            >
              <option
                value="1"
              >
                1
              </option>
              <option
                value="2"
              >
                2
              </option>
              <option
                value="3"
              >
                3
              </option>
              <option
                value="4"
              >
                4
              </option>
              <option
                value="5"
              >
                5
              </option>
            </select>
            <label>
              Review
            </label>
            <Textarea
              aria-label="Leave a review..."
              className="reviewText"
              cols="30"
              id="text"
              placeholder="Leave a review.."
              required={true}
              rows="4"
            >
              <textarea
                aria-label="Leave a review..."
                className="Textarea reviewText"
                cols="30"
                id="text"
                placeholder="Leave a review.."
                required={true}
                rows="4"
              />
            </Textarea>
            <Button
              type="submit"
            >
              <button
                className="Button "
                type="submit"
              >
                Post
              </button>
            </Button>
          </form>
        </div>
      </ReviewForm>
    </div>
  </div>
</BreweryPage>
`;
